// Jest Snapshot v1, https://goo.gl/fbAQLP

exports[`Pruebas en GifGridItem Debe de mostrar el componente correctamente 1`] = `
<Fragment>
  <div
    className="card animate__animated animate__fadeInUp"
  >
    <img
      alt="Un tÃ­tulo"
      src="https://github/hada.jpg"
    />
  </div>
</Fragment>
`;
